I'm sorry, but errors were detected in your script. Please correct the
errors listed below, and try again.


File "game/labels/prologe/p2.rpy", line 19: expected menuitem
    return
    ^

Ren'Py Version: Ren'Py 7.4.11.2266
Sun Feb 20 18:08:51 2022
